------------------------------------------------------------
Timing Analyzer Summary
------------------------------------------------------------

Type  : Slow 1200mV 85C Model Setup 'hlsm:hlsm_inst|cnt[1]'
Slack : -5.846
TNS   : -27.962

Type  : Slow 1200mV 85C Model Setup 'pll_inst|altpll_component|auto_generated|pll1|clk[0]'
Slack : -2.247
TNS   : -52.172

Type  : Slow 1200mV 85C Model Hold 'hlsm:hlsm_inst|cnt[1]'
Slack : -0.142
TNS   : -0.153

Type  : Slow 1200mV 85C Model Hold 'pll_inst|altpll_component|auto_generated|pll1|clk[0]'
Slack : 0.131
TNS   : 0.000

Type  : Slow 1200mV 85C Model Minimum Pulse Width 'hlsm:hlsm_inst|cnt[1]'
Slack : -1.403
TNS   : -8.418

Type  : Slow 1200mV 85C Model Minimum Pulse Width 'clock_50'
Slack : 9.871
TNS   : 0.000

Type  : Slow 1200mV 85C Model Minimum Pulse Width 'pll_inst|altpll_component|auto_generated|pll1|clk[0]'
Slack : 24.682
TNS   : 0.000

Type  : Slow 1200mV 0C Model Setup 'hlsm:hlsm_inst|cnt[1]'
Slack : -5.694
TNS   : -27.435

Type  : Slow 1200mV 0C Model Setup 'pll_inst|altpll_component|auto_generated|pll1|clk[0]'
Slack : -1.772
TNS   : -39.653

Type  : Slow 1200mV 0C Model Hold 'pll_inst|altpll_component|auto_generated|pll1|clk[0]'
Slack : -0.157
TNS   : -0.157

Type  : Slow 1200mV 0C Model Hold 'hlsm:hlsm_inst|cnt[1]'
Slack : 0.052
TNS   : 0.000

Type  : Slow 1200mV 0C Model Minimum Pulse Width 'hlsm:hlsm_inst|cnt[1]'
Slack : -1.403
TNS   : -8.418

Type  : Slow 1200mV 0C Model Minimum Pulse Width 'clock_50'
Slack : 9.893
TNS   : 0.000

Type  : Slow 1200mV 0C Model Minimum Pulse Width 'pll_inst|altpll_component|auto_generated|pll1|clk[0]'
Slack : 24.693
TNS   : 0.000

Type  : Fast 1200mV 0C Model Setup 'hlsm:hlsm_inst|cnt[1]'
Slack : -2.593
TNS   : -11.347

Type  : Fast 1200mV 0C Model Setup 'pll_inst|altpll_component|auto_generated|pll1|clk[0]'
Slack : -0.649
TNS   : -11.985

Type  : Fast 1200mV 0C Model Hold 'pll_inst|altpll_component|auto_generated|pll1|clk[0]'
Slack : -0.037
TNS   : -0.037

Type  : Fast 1200mV 0C Model Hold 'hlsm:hlsm_inst|cnt[1]'
Slack : 0.055
TNS   : 0.000

Type  : Fast 1200mV 0C Model Minimum Pulse Width 'hlsm:hlsm_inst|cnt[1]'
Slack : -1.000
TNS   : -6.000

Type  : Fast 1200mV 0C Model Minimum Pulse Width 'clock_50'
Slack : 9.666
TNS   : 0.000

Type  : Fast 1200mV 0C Model Minimum Pulse Width 'pll_inst|altpll_component|auto_generated|pll1|clk[0]'
Slack : 24.720
TNS   : 0.000

------------------------------------------------------------
